2026-10-02T07:52:31Z INF Thank you for trying Cloudflare Tunnel. Doing so, without a Cloudflare account, is a quick way to experiment and try it out. However, be aware that these account-less Tunnels have no uptime guarantee, are subject to the Cloudflare Online Services Terms of Use (https://www.cloudflare.com/website-terms/), and Cloudflare reserves the right to investigate your use of Tunnels for violations of such terms. If you intend to use Tunnels in production you should use a pre-created named tunnel by following: https://developers.cloudflare.com/cloudflare-one/connections/connect-apps
2026-10-02T07:52:31Z INF Requesting new quick Tunnel on trycloudflare.com...
2026-10-02T07:52:34Z INF +--------------------------------------------------------------------------------------------+
2026-10-02T07:52:34Z INF |  Your quick Tunnel has been created! Visit it at (it may take some time to be reachable):  |
2026-10-02T07:52:34Z INF |  https://bingo-writing-solid-institute.trycloudflare.com                                   |
2026-10-02T07:52:34Z INF +--------------------------------------------------------------------------------------------+
2026-10-02T07:52:34Z INF Cannot determine default configuration path. No file [config.yml config.yaml] in [~/.cloudflared ~/.cloudflare-warp ~/cloudflare-warp /etc/cloudflared /usr/local/etc/cloudflared]
2026-10-02T07:52:34Z INF Version 2026.8.2 (Checksum fcfb02b575a52ca1af2e3267af4e1517bcdeb30ac48c834c69abaed3c0576ad2)
2026-10-02T07:52:34Z INF GOOS: linux, GOVersion: go1.26.4, GoArch: amd64
2026-10-02T07:52:34Z INF Settings: map[ha-connections:1 no-autoupdate:true protocol:quic url:http://127.0.0.1:8546]
2026-10-02T07:52:34Z INF Generated Connector ID: 6ef0b67f-d512-4335-94de-3be232a7cc65
2026-10-02T07:52:34Z INF Initial protocol quic
2026-10-02T07:52:34Z INF ICMP proxy will use 192.168.122.3 as source for IPv4
2026-10-02T07:52:34Z INF ICMP proxy will use fe80::b017:dcff:fe2d:eb48 in zone enp16s0 as source for IPv6
2026-10-02T07:52:34Z INF ICMP proxy will use 192.168.122.3 as source for IPv4
2026-10-02T07:52:34Z INF ICMP proxy will use fe80::b017:dcff:fe2d:eb48 in zone enp16s0 as source for IPv6
2026-10-02T07:52:34Z INF Starting metrics server on 127.0.0.1:20241/metrics
2026-10-02T07:52:34Z INF Tunnel connection curve preferences: [X25519MLKEM768 CurveID(65074) CurveP256] connIndex=0 event=0 ip=198.41.192.7
2026-10-02T07:52:35Z INF Registered tunnel connection connIndex=0 connection=2297296d-7a7b-43f5-ad18-924d3f4f8a78 event=0 ip=198.41.192.7 location=ord15 protocol=quic
2026-10-02T07:52:41Z INF +-------------------------------------------------------------------------------------+
2026-10-02T07:52:41Z INF |                               CONNECTIVITY PRE-CHECKS                               |
2026-10-02T07:52:41Z INF +-------------------------------------------------------------------------------------+
2026-10-02T07:52:41Z INF |  COMPONENT         TARGET                     STATUS  DETAILS                       |
2026-10-02T07:52:41Z INF |  DNS Resolution    region1.v2.argotunnel.com  PASS    DNS Resolved successfully     |
2026-10-02T07:52:41Z INF |  DNS Resolution    region2.v2.argotunnel.com  PASS    DNS Resolved successfully     |
2026-10-02T07:52:41Z INF |  UDP Connectivity  region1.v2.argotunnel.com  PASS    QUIC connection successful    |
2026-10-02T07:52:41Z INF |  UDP Connectivity  region2.v2.argotunnel.com  PASS    QUIC connection successful    |
2026-10-02T07:52:41Z INF |  TCP Connectivity  region1.v2.argotunnel.com  PASS    HTTP/2 connection successful  |
2026-10-02T07:52:41Z INF |  TCP Connectivity  region2.v2.argotunnel.com  PASS    HTTP/2 connection successful  |
2026-10-02T07:52:41Z INF |  Cloudflare API    api.cloudflare.com:443     PASS    API is reachable              |
2026-10-02T07:52:41Z INF |                                                                                     |
2026-10-02T07:52:41Z INF |  SUMMARY: Environment is healthy. cloudflared will use 'quic' as primary protocol.  |
2026-10-02T07:52:41Z INF +-------------------------------------------------------------------------------------+
2026-10-02T07:52:41Z INF precheck component="DNS Resolution" details="DNS Resolved successfully" run_id=fb60671e-7d1f-4ce0-9f1f-6431fadf2242 status=pass target=region1.v2.argotunnel.com
2026-10-02T07:52:41Z INF precheck component="DNS Resolution" details="DNS Resolved successfully" run_id=fb60671e-7d1f-4ce0-9f1f-6431fadf2242 status=pass target=region2.v2.argotunnel.com
2026-10-02T07:52:41Z INF precheck component="UDP Connectivity" details="QUIC connection successful" run_id=fb60671e-7d1f-4ce0-9f1f-6431fadf2242 status=pass target=region1.v2.argotunnel.com
2026-10-02T07:52:41Z INF precheck component="UDP Connectivity" details="QUIC connection successful" run_id=fb60671e-7d1f-4ce0-9f1f-6431fadf2242 status=pass target=region2.v2.argotunnel.com
2026-10-02T07:52:41Z INF precheck component="TCP Connectivity" details="HTTP/2 connection successful" run_id=fb60671e-7d1f-4ce0-9f1f-6431fadf2242 status=pass target=region1.v2.argotunnel.com
2026-10-02T07:52:41Z INF precheck component="TCP Connectivity" details="HTTP/2 connection successful" run_id=fb60671e-7d1f-4ce0-9f1f-6431fadf2242 status=pass target=region2.v2.argotunnel.com
2026-10-02T07:52:41Z INF precheck component="Cloudflare API" details="API is reachable" run_id=fb60671e-7d1f-4ce0-9f1f-6431fadf2242 status=pass target=api.cloudflare.com:443
2026-10-02T07:52:41Z INF precheck complete hard_fail=false run_id=fb60671e-7d1f-4ce0-9f1f-6431fadf2242 suggested_protocol=quic
